// Jest Snapshot v1, https://goo.gl/fbAQLP

exports[`defaults title 1`] = `
<glamorous(div)>
  Red Hat User App
</glamorous(div)>
`;
